  Determining projects to restore...
  All projects are up-to-date for restore.
  EmployeeOnboarding&DDMS.Domain -> C:\Users\pc\Desktop\EmployeeOnboarding&DDMS\EmployeeOnboarding&DDMS.Domain\bin\Debug\net8.0\EmployeeOnboarding&DDMS.Domain.dll
C:\Users\pc\Desktop\EmployeeOnboarding&DDMS\EmployeeOnboarding&DDMS.Aplication\DTOs\Tasks\EnhancedTaskDto.cs(13,16): error CS0104: 'TaskStatus' is an ambiguous reference between 'EmployeeOnboarding_DDMS.Domain.Enums.TaskStatus' and 'System.Threading.Tasks.TaskStatus' [C:\Users\pc\Desktop\EmployeeOnboarding&DDMS\EmployeeOnboarding&DDMS.Aplication\EmployeeOnboarding&DDMS.Aplication.csproj]

Build FAILED.

C:\Users\pc\Desktop\EmployeeOnboarding&DDMS\EmployeeOnboarding&DDMS.Aplication\DTOs\Tasks\EnhancedTaskDto.cs(13,16): error CS0104: 'TaskStatus' is an ambiguous reference between 'EmployeeOnboarding_DDMS.Domain.Enums.TaskStatus' and 'System.Threading.Tasks.TaskStatus' [C:\Users\pc\Desktop\EmployeeOnboarding&DDMS\EmployeeOnboarding&DDMS.Aplication\EmployeeOnboarding&DDMS.Aplication.csproj]
    0 Warning(s)
    1 Error(s)

Time Elapsed 00:00:01.06

Workload updates are available. Run `dotnet workload list` for more information.
